========================================================================
INDIA TECH INTERNSHIPS TRACKER — DETAILED SCRAPE LOG
Started:  2026-09-30 00:38:18 UTC
Finished: 2026-09-30 00:39:40 UTC (81.8s)
Result:   56 succeeded, 0 failed, 14 active India listings
========================================================================

[00:38:18] [INFO ] Starting scrape for 56 companies with 8 workers (dry_run=False, keyword=None)
[00:38:20] [INFO ] [OK]   Google                   ( 2.3s) ->   57 postings, 57 interns, 2 India
[00:38:21] [INFO ] [OK]   Salesforce               ( 3.1s) ->   46 postings, 14 interns, 0 India
[00:38:22] [INFO ] [OK]   Apple                    ( 4.0s) ->  131 postings, 84 interns, 0 India
[00:38:22] [INFO ] [OK]   Netflix                  ( 0.3s) ->    4 postings,  3 interns, 0 India
[00:38:23] [INFO ] [OK]   PhonePe                  ( 1.0s) ->   86 postings,  1 interns, 0 India
[00:38:23] [INFO ] [OK]   Meta                     ( 2.5s) ->  427 postings,  7 interns, 0 India
[00:38:23] [INFO ] [OK]   Razorpay                 ( 0.3s) ->   23 postings,  0 interns, 0 India
[00:38:25] [INFO ] [OK]   Freshworks               ( 1.4s) ->  121 postings,  0 interns, 0 India
[00:38:25] [INFO ] [OK]   Meesho                   ( 0.3s) ->   55 postings,  0 interns, 0 India
[00:38:25] [INFO ] [OK]   CRED                     ( 0.1s) ->    8 postings,  0 interns, 0 India
[00:38:25] [INFO ] [OK]   Swiggy                   ( 1.9s) ->  158 postings,  0 interns, 0 India
[00:38:25] [INFO ] [OK]   Groww                    ( 0.1s) ->    7 postings,  2 interns, 0 India
[00:38:25] [INFO ] [OK]   InMobi                   ( 0.1s) ->   71 postings,  1 interns, 0 India
[00:38:26] [INFO ] [OK]   Zeta                     ( 0.2s) ->   24 postings,  0 interns, 0 India
[00:38:26] [INFO ] [OK]   Zomato                   ( 0.4s) ->    3 postings,  1 interns, 0 India
[00:38:26] [INFO ] [OK]   Qualcomm                 ( 6.3s) ->   89 postings, 81 interns, 2 India
[00:38:27] [INFO ] [OK]   Amazon                   ( 9.0s) ->  599 postings, 325 interns, 0 India
[00:38:27] [INFO ] [OK]   Cisco                    ( 0.4s) ->   48 postings, 38 interns, 0 India
[00:38:28] [INFO ] [OK]   AMD                      ( 1.0s) ->   10 postings, 10 interns, 0 India
[00:38:29] [INFO ] [OK]   Dell Technologies        ( 3.0s) ->  145 postings, 12 interns, 0 India
[00:38:31] [INFO ] [OK]   HPE                      ( 1.6s) ->   80 postings, 70 interns, 1 India
[00:38:31] [INFO ] [OK]   Adobe                    (13.6s) ->  199 postings,  7 interns, 0 India
[00:38:33] [INFO ] [OK]   Microsoft                (15.7s) ->  128 postings, 68 interns, 4 India
[00:38:34] [INFO ] [OK]   Red Hat                  ( 5.7s) ->  100 postings, 20 interns, 0 India
[00:38:35] [INFO ] [OK]   Broadcom (VMware)        ( 4.9s) ->   96 postings,  0 interns, 0 India
[00:38:40] [INFO ] [OK]   ServiceNow               ( 6.3s) ->  693 postings,  2 interns, 0 India
[00:38:40] [INFO ] [OK]   NVIDIA                   (22.6s) ->  300 postings, 117 interns, 1 India
[00:38:45] [INFO ] [OK]   PayPal                   (13.7s) ->  161 postings,  0 interns, 0 India
[00:38:46] [INFO ] [OK]   Oracle                   (28.5s) ->  999 postings, 17 interns, 0 India
[00:38:47] [INFO ] [OK]   Snowflake                ( 0.3s) ->    9 postings,  6 interns, 0 India
[00:38:47] [INFO ] [OK]   CrowdStrike              (13.9s) ->  214 postings,  3 interns, 0 India
[00:38:48] [INFO ] [OK]   GitHub                   ( 1.2s) ->   73 postings,  0 interns, 0 India
[00:38:50] [INFO ] [OK]   Intel                    (23.3s) ->  300 postings, 53 interns, 0 India
[00:38:50] [INFO ] [OK]   Palo Alto Networks       (15.1s) ->  300 postings,  1 interns, 0 India
[00:38:51] [INFO ] [OK]   Nokia                    ( 5.7s) ->  222 postings, 25 interns, 0 India
[00:38:53] [INFO ] [OK]   Walmart Global Tech      (27.1s) ->  300 postings, 288 interns, 1 India
[00:39:00] [INFO ] [OK]   Workday                  (20.5s) ->  159 postings,  0 interns, 0 India
[00:39:05] [INFO ] [OK]   Micron                   (25.0s) ->  300 postings, 23 interns, 0 India
[00:39:06] [INFO ] [OK]   JPMorgan Chase           (18.3s) -> 1000 postings, 117 interns, 0 India
[00:39:06] [INFO ] [OK]   Jane Street              ( 0.5s) ->  230 postings, 47 interns, 0 India
[00:39:06] [INFO ] [OK]   Stripe                   ( 0.1s) ->  710 postings,  9 interns, 1 India
[00:39:06] [INFO ] [OK]   MongoDB                  ( 0.1s) ->  398 postings,  0 interns, 0 India
[00:39:06] [INFO ] [OK]   Rubrik                   ( 0.1s) ->  128 postings,  4 interns, 2 India
[00:39:07] [INFO ] [OK]   Cloudflare               ( 0.1s) ->  400 postings,  1 interns, 0 India
[00:39:07] [INFO ] [OK]   Datadog                  ( 0.1s) ->  437 postings,  8 interns, 0 India
[00:39:07] [INFO ] [OK]   Databricks               ( 0.1s) ->  880 postings,  3 interns, 0 India
[00:39:07] [INFO ] [OK]   Elastic                  ( 0.1s) ->  390 postings,  0 interns, 0 India
[00:39:07] [INFO ] [OK]   GitLab                   ( 0.1s) ->  200 postings,  0 interns, 0 India
[00:39:07] [INFO ] [OK]   Twilio                   ( 0.1s) ->  134 postings,  0 interns, 0 India
[00:39:09] [INFO ] [OK]   Barclays                 (17.9s) ->  300 postings, 29 interns, 0 India
[00:39:14] [INFO ] [OK]   Morgan Stanley           (23.2s) ->  300 postings,  6 interns, 0 India
[00:39:14] [INFO ] [OK]   Wells Fargo              (24.3s) ->  300 postings, 14 interns, 0 India
[00:39:16] [INFO ] [OK]   Visa                     (23.5s) ->  300 postings,  3 interns, 0 India
[00:39:25] [INFO ] [OK]   Accenture                (36.8s) ->  300 postings, 58 interns, 0 India
[00:39:33] [INFO ] [OK]   Mastercard               (32.6s) ->  300 postings, 11 interns, 0 India
[00:39:40] [INFO ] [OK]   Bloomberg                (34.2s) ->  201 postings,  0 interns, 0 India
